ARM GAS  /tmp/cctrukDS.s 			page 1


   1              		.cpu cortex-m4
   2              		.arch armv7e-m
   3              		.fpu fpv4-sp-d16
   4              		.eabi_attribute 27, 1
   5              		.eabi_attribute 28, 1
   6              		.eabi_attribute 20, 1
   7              		.eabi_attribute 21, 1
   8              		.eabi_attribute 23, 3
   9              		.eabi_attribute 24, 1
  10              		.eabi_attribute 25, 1
  11              		.eabi_attribute 26, 1
  12              		.eabi_attribute 30, 1
  13              		.eabi_attribute 34, 1
  14              		.eabi_attribute 18, 4
  15              		.file	"stm32g4xx_hal_pcd_ex.c"
  16              		.text
  17              	.Ltext0:
  18              		.cfi_sections	.debug_frame
  19              		.file 1 "Drivers/STM32G4xx_HAL_Driver/Src/stm32g4xx_hal_pcd_ex.c"
  20              		.section	.text.HAL_PCDEx_PMAConfig,"ax",%progbits
  21              		.align	1
  22              		.global	HAL_PCDEx_PMAConfig
  23              		.syntax unified
  24              		.thumb
  25              		.thumb_func
  27              	HAL_PCDEx_PMAConfig:
  28              	.LVL0:
  29              	.LFB329:
   1:Drivers/STM32G4xx_HAL_Driver/Src/stm32g4xx_hal_pcd_ex.c **** /**
   2:Drivers/STM32G4xx_HAL_Driver/Src/stm32g4xx_hal_pcd_ex.c ****   ******************************************************************************
   3:Drivers/STM32G4xx_HAL_Driver/Src/stm32g4xx_hal_pcd_ex.c ****   * @file    stm32g4xx_hal_pcd_ex.c
   4:Drivers/STM32G4xx_HAL_Driver/Src/stm32g4xx_hal_pcd_ex.c ****   * @author  MCD Application Team
   5:Drivers/STM32G4xx_HAL_Driver/Src/stm32g4xx_hal_pcd_ex.c ****   * @brief   PCD Extended HAL module driver.
   6:Drivers/STM32G4xx_HAL_Driver/Src/stm32g4xx_hal_pcd_ex.c ****   *          This file provides firmware functions to manage the following
   7:Drivers/STM32G4xx_HAL_Driver/Src/stm32g4xx_hal_pcd_ex.c ****   *          functionalities of the USB Peripheral Controller:
   8:Drivers/STM32G4xx_HAL_Driver/Src/stm32g4xx_hal_pcd_ex.c ****   *           + Extended features functions
   9:Drivers/STM32G4xx_HAL_Driver/Src/stm32g4xx_hal_pcd_ex.c ****   *
  10:Drivers/STM32G4xx_HAL_Driver/Src/stm32g4xx_hal_pcd_ex.c ****   ******************************************************************************
  11:Drivers/STM32G4xx_HAL_Driver/Src/stm32g4xx_hal_pcd_ex.c ****   * @attention
  12:Drivers/STM32G4xx_HAL_Driver/Src/stm32g4xx_hal_pcd_ex.c ****   *
  13:Drivers/STM32G4xx_HAL_Driver/Src/stm32g4xx_hal_pcd_ex.c ****   * Copyright (c) 2019 STMicroelectronics.
  14:Drivers/STM32G4xx_HAL_Driver/Src/stm32g4xx_hal_pcd_ex.c ****   * All rights reserved.
  15:Drivers/STM32G4xx_HAL_Driver/Src/stm32g4xx_hal_pcd_ex.c ****   *
  16:Drivers/STM32G4xx_HAL_Driver/Src/stm32g4xx_hal_pcd_ex.c ****   * This software is licensed under terms that can be found in the LICENSE file
  17:Drivers/STM32G4xx_HAL_Driver/Src/stm32g4xx_hal_pcd_ex.c ****   * in the root directory of this software component.
  18:Drivers/STM32G4xx_HAL_Driver/Src/stm32g4xx_hal_pcd_ex.c ****   * If no LICENSE file comes with this software, it is provided AS-IS.
  19:Drivers/STM32G4xx_HAL_Driver/Src/stm32g4xx_hal_pcd_ex.c ****   *
  20:Drivers/STM32G4xx_HAL_Driver/Src/stm32g4xx_hal_pcd_ex.c ****   ******************************************************************************
  21:Drivers/STM32G4xx_HAL_Driver/Src/stm32g4xx_hal_pcd_ex.c ****   */
  22:Drivers/STM32G4xx_HAL_Driver/Src/stm32g4xx_hal_pcd_ex.c **** 
  23:Drivers/STM32G4xx_HAL_Driver/Src/stm32g4xx_hal_pcd_ex.c **** /* Includes ------------------------------------------------------------------*/
  24:Drivers/STM32G4xx_HAL_Driver/Src/stm32g4xx_hal_pcd_ex.c **** #include "stm32g4xx_hal.h"
  25:Drivers/STM32G4xx_HAL_Driver/Src/stm32g4xx_hal_pcd_ex.c **** 
  26:Drivers/STM32G4xx_HAL_Driver/Src/stm32g4xx_hal_pcd_ex.c **** /** @addtogroup STM32G4xx_HAL_Driver
  27:Drivers/STM32G4xx_HAL_Driver/Src/stm32g4xx_hal_pcd_ex.c ****   * @{
  28:Drivers/STM32G4xx_HAL_Driver/Src/stm32g4xx_hal_pcd_ex.c ****   */
  29:Drivers/STM32G4xx_HAL_Driver/Src/stm32g4xx_hal_pcd_ex.c **** 
ARM GAS  /tmp/cctrukDS.s 			page 2


  30:Drivers/STM32G4xx_HAL_Driver/Src/stm32g4xx_hal_pcd_ex.c **** /** @defgroup PCDEx PCDEx
  31:Drivers/STM32G4xx_HAL_Driver/Src/stm32g4xx_hal_pcd_ex.c ****   * @brief PCD Extended HAL module driver
  32:Drivers/STM32G4xx_HAL_Driver/Src/stm32g4xx_hal_pcd_ex.c ****   * @{
  33:Drivers/STM32G4xx_HAL_Driver/Src/stm32g4xx_hal_pcd_ex.c ****   */
  34:Drivers/STM32G4xx_HAL_Driver/Src/stm32g4xx_hal_pcd_ex.c **** 
  35:Drivers/STM32G4xx_HAL_Driver/Src/stm32g4xx_hal_pcd_ex.c **** #ifdef HAL_PCD_MODULE_ENABLED
  36:Drivers/STM32G4xx_HAL_Driver/Src/stm32g4xx_hal_pcd_ex.c **** 
  37:Drivers/STM32G4xx_HAL_Driver/Src/stm32g4xx_hal_pcd_ex.c **** #if defined (USB)
  38:Drivers/STM32G4xx_HAL_Driver/Src/stm32g4xx_hal_pcd_ex.c **** /* Private types -------------------------------------------------------------*/
  39:Drivers/STM32G4xx_HAL_Driver/Src/stm32g4xx_hal_pcd_ex.c **** /* Private variables ---------------------------------------------------------*/
  40:Drivers/STM32G4xx_HAL_Driver/Src/stm32g4xx_hal_pcd_ex.c **** /* Private constants ---------------------------------------------------------*/
  41:Drivers/STM32G4xx_HAL_Driver/Src/stm32g4xx_hal_pcd_ex.c **** /* Private macros ------------------------------------------------------------*/
  42:Drivers/STM32G4xx_HAL_Driver/Src/stm32g4xx_hal_pcd_ex.c **** /* Private functions ---------------------------------------------------------*/
  43:Drivers/STM32G4xx_HAL_Driver/Src/stm32g4xx_hal_pcd_ex.c **** /* Exported functions --------------------------------------------------------*/
  44:Drivers/STM32G4xx_HAL_Driver/Src/stm32g4xx_hal_pcd_ex.c **** 
  45:Drivers/STM32G4xx_HAL_Driver/Src/stm32g4xx_hal_pcd_ex.c **** /** @defgroup PCDEx_Exported_Functions PCDEx Exported Functions
  46:Drivers/STM32G4xx_HAL_Driver/Src/stm32g4xx_hal_pcd_ex.c ****   * @{
  47:Drivers/STM32G4xx_HAL_Driver/Src/stm32g4xx_hal_pcd_ex.c ****   */
  48:Drivers/STM32G4xx_HAL_Driver/Src/stm32g4xx_hal_pcd_ex.c **** 
  49:Drivers/STM32G4xx_HAL_Driver/Src/stm32g4xx_hal_pcd_ex.c **** /** @defgroup PCDEx_Exported_Functions_Group1 Peripheral Control functions
  50:Drivers/STM32G4xx_HAL_Driver/Src/stm32g4xx_hal_pcd_ex.c ****   * @brief    PCDEx control functions
  51:Drivers/STM32G4xx_HAL_Driver/Src/stm32g4xx_hal_pcd_ex.c ****   *
  52:Drivers/STM32G4xx_HAL_Driver/Src/stm32g4xx_hal_pcd_ex.c **** @verbatim
  53:Drivers/STM32G4xx_HAL_Driver/Src/stm32g4xx_hal_pcd_ex.c ****  ===============================================================================
  54:Drivers/STM32G4xx_HAL_Driver/Src/stm32g4xx_hal_pcd_ex.c ****                  ##### Extended features functions #####
  55:Drivers/STM32G4xx_HAL_Driver/Src/stm32g4xx_hal_pcd_ex.c ****  ===============================================================================
  56:Drivers/STM32G4xx_HAL_Driver/Src/stm32g4xx_hal_pcd_ex.c ****     [..]  This section provides functions allowing to:
  57:Drivers/STM32G4xx_HAL_Driver/Src/stm32g4xx_hal_pcd_ex.c ****       (+) Update FIFO configuration
  58:Drivers/STM32G4xx_HAL_Driver/Src/stm32g4xx_hal_pcd_ex.c **** 
  59:Drivers/STM32G4xx_HAL_Driver/Src/stm32g4xx_hal_pcd_ex.c **** @endverbatim
  60:Drivers/STM32G4xx_HAL_Driver/Src/stm32g4xx_hal_pcd_ex.c ****   * @{
  61:Drivers/STM32G4xx_HAL_Driver/Src/stm32g4xx_hal_pcd_ex.c ****   */
  62:Drivers/STM32G4xx_HAL_Driver/Src/stm32g4xx_hal_pcd_ex.c **** 
  63:Drivers/STM32G4xx_HAL_Driver/Src/stm32g4xx_hal_pcd_ex.c **** /**
  64:Drivers/STM32G4xx_HAL_Driver/Src/stm32g4xx_hal_pcd_ex.c ****   * @brief  Configure PMA for EP
  65:Drivers/STM32G4xx_HAL_Driver/Src/stm32g4xx_hal_pcd_ex.c ****   * @param  hpcd  Device instance
  66:Drivers/STM32G4xx_HAL_Driver/Src/stm32g4xx_hal_pcd_ex.c ****   * @param  ep_addr endpoint address
  67:Drivers/STM32G4xx_HAL_Driver/Src/stm32g4xx_hal_pcd_ex.c ****   * @param  ep_kind endpoint Kind
  68:Drivers/STM32G4xx_HAL_Driver/Src/stm32g4xx_hal_pcd_ex.c ****   *                  USB_SNG_BUF: Single Buffer used
  69:Drivers/STM32G4xx_HAL_Driver/Src/stm32g4xx_hal_pcd_ex.c ****   *                  USB_DBL_BUF: Double Buffer used
  70:Drivers/STM32G4xx_HAL_Driver/Src/stm32g4xx_hal_pcd_ex.c ****   * @param  pmaadress: EP address in The PMA: In case of single buffer endpoint
  71:Drivers/STM32G4xx_HAL_Driver/Src/stm32g4xx_hal_pcd_ex.c ****   *                   this parameter is 16-bit value providing the address
  72:Drivers/STM32G4xx_HAL_Driver/Src/stm32g4xx_hal_pcd_ex.c ****   *                   in PMA allocated to endpoint.
  73:Drivers/STM32G4xx_HAL_Driver/Src/stm32g4xx_hal_pcd_ex.c ****   *                   In case of double buffer endpoint this parameter
  74:Drivers/STM32G4xx_HAL_Driver/Src/stm32g4xx_hal_pcd_ex.c ****   *                   is a 32-bit value providing the endpoint buffer 0 address
  75:Drivers/STM32G4xx_HAL_Driver/Src/stm32g4xx_hal_pcd_ex.c ****   *                   in the LSB part of 32-bit value and endpoint buffer 1 address
  76:Drivers/STM32G4xx_HAL_Driver/Src/stm32g4xx_hal_pcd_ex.c ****   *                   in the MSB part of 32-bit value.
  77:Drivers/STM32G4xx_HAL_Driver/Src/stm32g4xx_hal_pcd_ex.c ****   * @retval HAL status
  78:Drivers/STM32G4xx_HAL_Driver/Src/stm32g4xx_hal_pcd_ex.c ****   */
  79:Drivers/STM32G4xx_HAL_Driver/Src/stm32g4xx_hal_pcd_ex.c **** 
  80:Drivers/STM32G4xx_HAL_Driver/Src/stm32g4xx_hal_pcd_ex.c **** HAL_StatusTypeDef  HAL_PCDEx_PMAConfig(PCD_HandleTypeDef *hpcd, uint16_t ep_addr,
  81:Drivers/STM32G4xx_HAL_Driver/Src/stm32g4xx_hal_pcd_ex.c ****                                        uint16_t ep_kind, uint32_t pmaadress)
  82:Drivers/STM32G4xx_HAL_Driver/Src/stm32g4xx_hal_pcd_ex.c **** {
  30              		.loc 1 82 1 view -0
  31              		.cfi_startproc
  32              		@ args = 0, pretend = 0, frame = 0
  33              		@ frame_needed = 0, uses_anonymous_args = 0
ARM GAS  /tmp/cctrukDS.s 			page 3


  34              		@ link register save eliminated.
  83:Drivers/STM32G4xx_HAL_Driver/Src/stm32g4xx_hal_pcd_ex.c ****   PCD_EPTypeDef *ep;
  35              		.loc 1 83 3 view .LVU1
  84:Drivers/STM32G4xx_HAL_Driver/Src/stm32g4xx_hal_pcd_ex.c **** 
  85:Drivers/STM32G4xx_HAL_Driver/Src/stm32g4xx_hal_pcd_ex.c ****   /* Initialize ep structure */
  86:Drivers/STM32G4xx_HAL_Driver/Src/stm32g4xx_hal_pcd_ex.c ****   if ((0x80U & ep_addr) == 0x80U)
  36              		.loc 1 86 3 view .LVU2
  37              		.loc 1 86 6 is_stmt 0 view .LVU3
  38 0000 11F0800F 		tst	r1, #128
  39 0004 0BD0     		beq	.L2
  87:Drivers/STM32G4xx_HAL_Driver/Src/stm32g4xx_hal_pcd_ex.c ****   {
  88:Drivers/STM32G4xx_HAL_Driver/Src/stm32g4xx_hal_pcd_ex.c ****     ep = &hpcd->IN_ep[ep_addr & EP_ADDR_MSK];
  40              		.loc 1 88 5 is_stmt 1 view .LVU4
  41              		.loc 1 88 31 is_stmt 0 view .LVU5
  42 0006 01F00701 		and	r1, r1, #7
  43              	.LVL1:
  44              		.loc 1 88 8 view .LVU6
  45 000a 01EB8101 		add	r1, r1, r1, lsl #2
  46 000e C900     		lsls	r1, r1, #3
  47 0010 1031     		adds	r1, r1, #16
  48 0012 0844     		add	r0, r0, r1
  49              	.LVL2:
  50              	.L3:
  89:Drivers/STM32G4xx_HAL_Driver/Src/stm32g4xx_hal_pcd_ex.c ****   }
  90:Drivers/STM32G4xx_HAL_Driver/Src/stm32g4xx_hal_pcd_ex.c ****   else
  91:Drivers/STM32G4xx_HAL_Driver/Src/stm32g4xx_hal_pcd_ex.c ****   {
  92:Drivers/STM32G4xx_HAL_Driver/Src/stm32g4xx_hal_pcd_ex.c ****     ep = &hpcd->OUT_ep[ep_addr];
  93:Drivers/STM32G4xx_HAL_Driver/Src/stm32g4xx_hal_pcd_ex.c ****   }
  94:Drivers/STM32G4xx_HAL_Driver/Src/stm32g4xx_hal_pcd_ex.c **** 
  95:Drivers/STM32G4xx_HAL_Driver/Src/stm32g4xx_hal_pcd_ex.c ****   /* Here we check if the endpoint is single or double Buffer*/
  96:Drivers/STM32G4xx_HAL_Driver/Src/stm32g4xx_hal_pcd_ex.c ****   if (ep_kind == PCD_SNG_BUF)
  51              		.loc 1 96 3 is_stmt 1 view .LVU7
  52              		.loc 1 96 6 is_stmt 0 view .LVU8
  53 0014 52B9     		cbnz	r2, .L4
  97:Drivers/STM32G4xx_HAL_Driver/Src/stm32g4xx_hal_pcd_ex.c ****   {
  98:Drivers/STM32G4xx_HAL_Driver/Src/stm32g4xx_hal_pcd_ex.c ****     /* Single Buffer */
  99:Drivers/STM32G4xx_HAL_Driver/Src/stm32g4xx_hal_pcd_ex.c ****     ep->doublebuffer = 0U;
  54              		.loc 1 99 5 is_stmt 1 view .LVU9
  55              		.loc 1 99 22 is_stmt 0 view .LVU10
  56 0016 0273     		strb	r2, [r0, #12]
 100:Drivers/STM32G4xx_HAL_Driver/Src/stm32g4xx_hal_pcd_ex.c **** 
 101:Drivers/STM32G4xx_HAL_Driver/Src/stm32g4xx_hal_pcd_ex.c ****     /* Configure the PMA */
 102:Drivers/STM32G4xx_HAL_Driver/Src/stm32g4xx_hal_pcd_ex.c ****     ep->pmaadress = (uint16_t)pmaadress;
  57              		.loc 1 102 5 is_stmt 1 view .LVU11
  58              		.loc 1 102 19 is_stmt 0 view .LVU12
  59 0018 C380     		strh	r3, [r0, #6]	@ movhi
  60              	.LVL3:
  61              	.L5:
 103:Drivers/STM32G4xx_HAL_Driver/Src/stm32g4xx_hal_pcd_ex.c ****   }
 104:Drivers/STM32G4xx_HAL_Driver/Src/stm32g4xx_hal_pcd_ex.c **** #if (USE_USB_DOUBLE_BUFFER == 1U)
 105:Drivers/STM32G4xx_HAL_Driver/Src/stm32g4xx_hal_pcd_ex.c ****   else /* USB_DBL_BUF */
 106:Drivers/STM32G4xx_HAL_Driver/Src/stm32g4xx_hal_pcd_ex.c ****   {
 107:Drivers/STM32G4xx_HAL_Driver/Src/stm32g4xx_hal_pcd_ex.c ****     /* Double Buffer Endpoint */
 108:Drivers/STM32G4xx_HAL_Driver/Src/stm32g4xx_hal_pcd_ex.c ****     ep->doublebuffer = 1U;
 109:Drivers/STM32G4xx_HAL_Driver/Src/stm32g4xx_hal_pcd_ex.c **** 
 110:Drivers/STM32G4xx_HAL_Driver/Src/stm32g4xx_hal_pcd_ex.c ****     /* Configure the PMA */
 111:Drivers/STM32G4xx_HAL_Driver/Src/stm32g4xx_hal_pcd_ex.c ****     ep->pmaaddr0 = (uint16_t)(pmaadress & 0xFFFFU);
ARM GAS  /tmp/cctrukDS.s 			page 4


 112:Drivers/STM32G4xx_HAL_Driver/Src/stm32g4xx_hal_pcd_ex.c ****     ep->pmaaddr1 = (uint16_t)((pmaadress & 0xFFFF0000U) >> 16);
 113:Drivers/STM32G4xx_HAL_Driver/Src/stm32g4xx_hal_pcd_ex.c ****   }
 114:Drivers/STM32G4xx_HAL_Driver/Src/stm32g4xx_hal_pcd_ex.c **** #endif /* (USE_USB_DOUBLE_BUFFER == 1U) */
 115:Drivers/STM32G4xx_HAL_Driver/Src/stm32g4xx_hal_pcd_ex.c **** 
 116:Drivers/STM32G4xx_HAL_Driver/Src/stm32g4xx_hal_pcd_ex.c ****   return HAL_OK;
  62              		.loc 1 116 3 is_stmt 1 view .LVU13
 117:Drivers/STM32G4xx_HAL_Driver/Src/stm32g4xx_hal_pcd_ex.c **** }
  63              		.loc 1 117 1 is_stmt 0 view .LVU14
  64 001a 0020     		movs	r0, #0
  65              	.LVL4:
  66              		.loc 1 117 1 view .LVU15
  67 001c 7047     		bx	lr
  68              	.LVL5:
  69              	.L2:
  92:Drivers/STM32G4xx_HAL_Driver/Src/stm32g4xx_hal_pcd_ex.c ****   }
  70              		.loc 1 92 5 is_stmt 1 view .LVU16
  92:Drivers/STM32G4xx_HAL_Driver/Src/stm32g4xx_hal_pcd_ex.c ****   }
  71              		.loc 1 92 8 is_stmt 0 view .LVU17
  72 001e 01EB8101 		add	r1, r1, r1, lsl #2
  73              	.LVL6:
  92:Drivers/STM32G4xx_HAL_Driver/Src/stm32g4xx_hal_pcd_ex.c ****   }
  74              		.loc 1 92 8 view .LVU18
  75 0022 C900     		lsls	r1, r1, #3
  76 0024 01F5A871 		add	r1, r1, #336
  77 0028 0844     		add	r0, r0, r1
  78              	.LVL7:
  92:Drivers/STM32G4xx_HAL_Driver/Src/stm32g4xx_hal_pcd_ex.c ****   }
  79              		.loc 1 92 8 view .LVU19
  80 002a F3E7     		b	.L3
  81              	.LVL8:
  82              	.L4:
 108:Drivers/STM32G4xx_HAL_Driver/Src/stm32g4xx_hal_pcd_ex.c **** 
  83              		.loc 1 108 5 is_stmt 1 view .LVU20
 108:Drivers/STM32G4xx_HAL_Driver/Src/stm32g4xx_hal_pcd_ex.c **** 
  84              		.loc 1 108 22 is_stmt 0 view .LVU21
  85 002c 0122     		movs	r2, #1
  86              	.LVL9:
 108:Drivers/STM32G4xx_HAL_Driver/Src/stm32g4xx_hal_pcd_ex.c **** 
  87              		.loc 1 108 22 view .LVU22
  88 002e 0273     		strb	r2, [r0, #12]
 111:Drivers/STM32G4xx_HAL_Driver/Src/stm32g4xx_hal_pcd_ex.c ****     ep->pmaaddr1 = (uint16_t)((pmaadress & 0xFFFF0000U) >> 16);
  89              		.loc 1 111 5 is_stmt 1 view .LVU23
 111:Drivers/STM32G4xx_HAL_Driver/Src/stm32g4xx_hal_pcd_ex.c ****     ep->pmaaddr1 = (uint16_t)((pmaadress & 0xFFFF0000U) >> 16);
  90              		.loc 1 111 18 is_stmt 0 view .LVU24
  91 0030 0381     		strh	r3, [r0, #8]	@ movhi
 112:Drivers/STM32G4xx_HAL_Driver/Src/stm32g4xx_hal_pcd_ex.c ****   }
  92              		.loc 1 112 5 is_stmt 1 view .LVU25
 112:Drivers/STM32G4xx_HAL_Driver/Src/stm32g4xx_hal_pcd_ex.c ****   }
  93              		.loc 1 112 20 is_stmt 0 view .LVU26
  94 0032 1B0C     		lsrs	r3, r3, #16
  95              	.LVL10:
 112:Drivers/STM32G4xx_HAL_Driver/Src/stm32g4xx_hal_pcd_ex.c ****   }
  96              		.loc 1 112 18 view .LVU27
  97 0034 4381     		strh	r3, [r0, #10]	@ movhi
  98 0036 F0E7     		b	.L5
  99              		.cfi_endproc
 100              	.LFE329:
ARM GAS  /tmp/cctrukDS.s 			page 5


 102              		.section	.text.HAL_PCDEx_ActivateBCD,"ax",%progbits
 103              		.align	1
 104              		.global	HAL_PCDEx_ActivateBCD
 105              		.syntax unified
 106              		.thumb
 107              		.thumb_func
 109              	HAL_PCDEx_ActivateBCD:
 110              	.LVL11:
 111              	.LFB330:
 118:Drivers/STM32G4xx_HAL_Driver/Src/stm32g4xx_hal_pcd_ex.c **** 
 119:Drivers/STM32G4xx_HAL_Driver/Src/stm32g4xx_hal_pcd_ex.c **** /**
 120:Drivers/STM32G4xx_HAL_Driver/Src/stm32g4xx_hal_pcd_ex.c ****   * @brief  Activate BatteryCharging feature.
 121:Drivers/STM32G4xx_HAL_Driver/Src/stm32g4xx_hal_pcd_ex.c ****   * @param  hpcd PCD handle
 122:Drivers/STM32G4xx_HAL_Driver/Src/stm32g4xx_hal_pcd_ex.c ****   * @retval HAL status
 123:Drivers/STM32G4xx_HAL_Driver/Src/stm32g4xx_hal_pcd_ex.c ****   */
 124:Drivers/STM32G4xx_HAL_Driver/Src/stm32g4xx_hal_pcd_ex.c **** HAL_StatusTypeDef HAL_PCDEx_ActivateBCD(PCD_HandleTypeDef *hpcd)
 125:Drivers/STM32G4xx_HAL_Driver/Src/stm32g4xx_hal_pcd_ex.c **** {
 112              		.loc 1 125 1 is_stmt 1 view -0
 113              		.cfi_startproc
 114              		@ args = 0, pretend = 0, frame = 0
 115              		@ frame_needed = 0, uses_anonymous_args = 0
 116              		@ link register save eliminated.
 126:Drivers/STM32G4xx_HAL_Driver/Src/stm32g4xx_hal_pcd_ex.c ****   USB_TypeDef *USBx = hpcd->Instance;
 117              		.loc 1 126 3 view .LVU29
 118              		.loc 1 126 16 is_stmt 0 view .LVU30
 119 0000 0368     		ldr	r3, [r0]
 120              	.LVL12:
 127:Drivers/STM32G4xx_HAL_Driver/Src/stm32g4xx_hal_pcd_ex.c ****   hpcd->battery_charging_active = 1U;
 121              		.loc 1 127 3 is_stmt 1 view .LVU31
 122              		.loc 1 127 33 is_stmt 0 view .LVU32
 123 0002 0122     		movs	r2, #1
 124 0004 C0F8D422 		str	r2, [r0, #724]
 128:Drivers/STM32G4xx_HAL_Driver/Src/stm32g4xx_hal_pcd_ex.c **** 
 129:Drivers/STM32G4xx_HAL_Driver/Src/stm32g4xx_hal_pcd_ex.c ****   USBx->BCDR &= ~(USB_BCDR_PDEN);
 125              		.loc 1 129 3 is_stmt 1 view .LVU33
 126              		.loc 1 129 7 is_stmt 0 view .LVU34
 127 0008 B3F85820 		ldrh	r2, [r3, #88]
 128              		.loc 1 129 14 view .LVU35
 129 000c 22F00402 		bic	r2, r2, #4
 130 0010 A3F85820 		strh	r2, [r3, #88]	@ movhi
 130:Drivers/STM32G4xx_HAL_Driver/Src/stm32g4xx_hal_pcd_ex.c ****   USBx->BCDR &= ~(USB_BCDR_SDEN);
 131              		.loc 1 130 3 is_stmt 1 view .LVU36
 132              		.loc 1 130 7 is_stmt 0 view .LVU37
 133 0014 B3F85820 		ldrh	r2, [r3, #88]
 134              		.loc 1 130 14 view .LVU38
 135 0018 22F00802 		bic	r2, r2, #8
 136 001c A3F85820 		strh	r2, [r3, #88]	@ movhi
 131:Drivers/STM32G4xx_HAL_Driver/Src/stm32g4xx_hal_pcd_ex.c **** 
 132:Drivers/STM32G4xx_HAL_Driver/Src/stm32g4xx_hal_pcd_ex.c ****   /* Enable BCD feature */
 133:Drivers/STM32G4xx_HAL_Driver/Src/stm32g4xx_hal_pcd_ex.c ****   USBx->BCDR |= USB_BCDR_BCDEN;
 137              		.loc 1 133 3 is_stmt 1 view .LVU39
 138              		.loc 1 133 7 is_stmt 0 view .LVU40
 139 0020 B3F85820 		ldrh	r2, [r3, #88]
 140              		.loc 1 133 14 view .LVU41
 141 0024 42F00102 		orr	r2, r2, #1
 142 0028 A3F85820 		strh	r2, [r3, #88]	@ movhi
 134:Drivers/STM32G4xx_HAL_Driver/Src/stm32g4xx_hal_pcd_ex.c **** 
ARM GAS  /tmp/cctrukDS.s 			page 6


 135:Drivers/STM32G4xx_HAL_Driver/Src/stm32g4xx_hal_pcd_ex.c ****   return HAL_OK;
 143              		.loc 1 135 3 is_stmt 1 view .LVU42
 136:Drivers/STM32G4xx_HAL_Driver/Src/stm32g4xx_hal_pcd_ex.c **** }
 144              		.loc 1 136 1 is_stmt 0 view .LVU43
 145 002c 0020     		movs	r0, #0
 146              	.LVL13:
 147              		.loc 1 136 1 view .LVU44
 148 002e 7047     		bx	lr
 149              		.cfi_endproc
 150              	.LFE330:
 152              		.section	.text.HAL_PCDEx_DeActivateBCD,"ax",%progbits
 153              		.align	1
 154              		.global	HAL_PCDEx_DeActivateBCD
 155              		.syntax unified
 156              		.thumb
 157              		.thumb_func
 159              	HAL_PCDEx_DeActivateBCD:
 160              	.LVL14:
 161              	.LFB331:
 137:Drivers/STM32G4xx_HAL_Driver/Src/stm32g4xx_hal_pcd_ex.c **** 
 138:Drivers/STM32G4xx_HAL_Driver/Src/stm32g4xx_hal_pcd_ex.c **** /**
 139:Drivers/STM32G4xx_HAL_Driver/Src/stm32g4xx_hal_pcd_ex.c ****   * @brief  Deactivate BatteryCharging feature.
 140:Drivers/STM32G4xx_HAL_Driver/Src/stm32g4xx_hal_pcd_ex.c ****   * @param  hpcd PCD handle
 141:Drivers/STM32G4xx_HAL_Driver/Src/stm32g4xx_hal_pcd_ex.c ****   * @retval HAL status
 142:Drivers/STM32G4xx_HAL_Driver/Src/stm32g4xx_hal_pcd_ex.c ****   */
 143:Drivers/STM32G4xx_HAL_Driver/Src/stm32g4xx_hal_pcd_ex.c **** HAL_StatusTypeDef HAL_PCDEx_DeActivateBCD(PCD_HandleTypeDef *hpcd)
 144:Drivers/STM32G4xx_HAL_Driver/Src/stm32g4xx_hal_pcd_ex.c **** {
 162              		.loc 1 144 1 is_stmt 1 view -0
 163              		.cfi_startproc
 164              		@ args = 0, pretend = 0, frame = 0
 165              		@ frame_needed = 0, uses_anonymous_args = 0
 166              		@ link register save eliminated.
 167              		.loc 1 144 1 is_stmt 0 view .LVU46
 168 0000 0346     		mov	r3, r0
 145:Drivers/STM32G4xx_HAL_Driver/Src/stm32g4xx_hal_pcd_ex.c ****   USB_TypeDef *USBx = hpcd->Instance;
 169              		.loc 1 145 3 is_stmt 1 view .LVU47
 170              		.loc 1 145 16 is_stmt 0 view .LVU48
 171 0002 0268     		ldr	r2, [r0]
 172              	.LVL15:
 146:Drivers/STM32G4xx_HAL_Driver/Src/stm32g4xx_hal_pcd_ex.c ****   hpcd->battery_charging_active = 0U;
 173              		.loc 1 146 3 is_stmt 1 view .LVU49
 174              		.loc 1 146 33 is_stmt 0 view .LVU50
 175 0004 0020     		movs	r0, #0
 176              	.LVL16:
 177              		.loc 1 146 33 view .LVU51
 178 0006 C3F8D402 		str	r0, [r3, #724]
 147:Drivers/STM32G4xx_HAL_Driver/Src/stm32g4xx_hal_pcd_ex.c **** 
 148:Drivers/STM32G4xx_HAL_Driver/Src/stm32g4xx_hal_pcd_ex.c ****   /* Disable BCD feature */
 149:Drivers/STM32G4xx_HAL_Driver/Src/stm32g4xx_hal_pcd_ex.c ****   USBx->BCDR &= ~(USB_BCDR_BCDEN);
 179              		.loc 1 149 3 is_stmt 1 view .LVU52
 180              		.loc 1 149 7 is_stmt 0 view .LVU53
 181 000a B2F85830 		ldrh	r3, [r2, #88]
 182              	.LVL17:
 183              		.loc 1 149 14 view .LVU54
 184 000e 23F00103 		bic	r3, r3, #1
 185 0012 A2F85830 		strh	r3, [r2, #88]	@ movhi
 150:Drivers/STM32G4xx_HAL_Driver/Src/stm32g4xx_hal_pcd_ex.c **** 
ARM GAS  /tmp/cctrukDS.s 			page 7


 151:Drivers/STM32G4xx_HAL_Driver/Src/stm32g4xx_hal_pcd_ex.c ****   return HAL_OK;
 186              		.loc 1 151 3 is_stmt 1 view .LVU55
 152:Drivers/STM32G4xx_HAL_Driver/Src/stm32g4xx_hal_pcd_ex.c **** }
 187              		.loc 1 152 1 is_stmt 0 view .LVU56
 188 0016 7047     		bx	lr
 189              		.cfi_endproc
 190              	.LFE331:
 192              		.section	.text.HAL_PCDEx_ActivateLPM,"ax",%progbits
 193              		.align	1
 194              		.global	HAL_PCDEx_ActivateLPM
 195              		.syntax unified
 196              		.thumb
 197              		.thumb_func
 199              	HAL_PCDEx_ActivateLPM:
 200              	.LVL18:
 201              	.LFB333:
 153:Drivers/STM32G4xx_HAL_Driver/Src/stm32g4xx_hal_pcd_ex.c **** 
 154:Drivers/STM32G4xx_HAL_Driver/Src/stm32g4xx_hal_pcd_ex.c **** /**
 155:Drivers/STM32G4xx_HAL_Driver/Src/stm32g4xx_hal_pcd_ex.c ****   * @brief  Handle BatteryCharging Process.
 156:Drivers/STM32G4xx_HAL_Driver/Src/stm32g4xx_hal_pcd_ex.c ****   * @param  hpcd PCD handle
 157:Drivers/STM32G4xx_HAL_Driver/Src/stm32g4xx_hal_pcd_ex.c ****   * @retval HAL status
 158:Drivers/STM32G4xx_HAL_Driver/Src/stm32g4xx_hal_pcd_ex.c ****   */
 159:Drivers/STM32G4xx_HAL_Driver/Src/stm32g4xx_hal_pcd_ex.c **** void HAL_PCDEx_BCD_VBUSDetect(PCD_HandleTypeDef *hpcd)
 160:Drivers/STM32G4xx_HAL_Driver/Src/stm32g4xx_hal_pcd_ex.c **** {
 161:Drivers/STM32G4xx_HAL_Driver/Src/stm32g4xx_hal_pcd_ex.c ****   USB_TypeDef *USBx = hpcd->Instance;
 162:Drivers/STM32G4xx_HAL_Driver/Src/stm32g4xx_hal_pcd_ex.c ****   uint32_t tickstart = HAL_GetTick();
 163:Drivers/STM32G4xx_HAL_Driver/Src/stm32g4xx_hal_pcd_ex.c **** 
 164:Drivers/STM32G4xx_HAL_Driver/Src/stm32g4xx_hal_pcd_ex.c ****   /* Wait for Min DCD Timeout */
 165:Drivers/STM32G4xx_HAL_Driver/Src/stm32g4xx_hal_pcd_ex.c ****   HAL_Delay(350U);
 166:Drivers/STM32G4xx_HAL_Driver/Src/stm32g4xx_hal_pcd_ex.c **** 
 167:Drivers/STM32G4xx_HAL_Driver/Src/stm32g4xx_hal_pcd_ex.c ****   /* Primary detection: checks if connected to Standard Downstream Port
 168:Drivers/STM32G4xx_HAL_Driver/Src/stm32g4xx_hal_pcd_ex.c ****   (without charging capability) */
 169:Drivers/STM32G4xx_HAL_Driver/Src/stm32g4xx_hal_pcd_ex.c ****   USBx->BCDR |= (USB_BCDR_PDEN);
 170:Drivers/STM32G4xx_HAL_Driver/Src/stm32g4xx_hal_pcd_ex.c ****   HAL_Delay(50U);
 171:Drivers/STM32G4xx_HAL_Driver/Src/stm32g4xx_hal_pcd_ex.c **** 
 172:Drivers/STM32G4xx_HAL_Driver/Src/stm32g4xx_hal_pcd_ex.c ****   /* If Charger detect ? */
 173:Drivers/STM32G4xx_HAL_Driver/Src/stm32g4xx_hal_pcd_ex.c ****   if ((USBx->BCDR & USB_BCDR_PDET) == USB_BCDR_PDET)
 174:Drivers/STM32G4xx_HAL_Driver/Src/stm32g4xx_hal_pcd_ex.c ****   {
 175:Drivers/STM32G4xx_HAL_Driver/Src/stm32g4xx_hal_pcd_ex.c ****     /* Start secondary detection to check connection to Charging Downstream
 176:Drivers/STM32G4xx_HAL_Driver/Src/stm32g4xx_hal_pcd_ex.c ****     Port or Dedicated Charging Port */
 177:Drivers/STM32G4xx_HAL_Driver/Src/stm32g4xx_hal_pcd_ex.c ****     USBx->BCDR &= ~(USB_BCDR_PDEN);
 178:Drivers/STM32G4xx_HAL_Driver/Src/stm32g4xx_hal_pcd_ex.c ****     HAL_Delay(50U);
 179:Drivers/STM32G4xx_HAL_Driver/Src/stm32g4xx_hal_pcd_ex.c ****     USBx->BCDR |= (USB_BCDR_SDEN);
 180:Drivers/STM32G4xx_HAL_Driver/Src/stm32g4xx_hal_pcd_ex.c ****     HAL_Delay(50U);
 181:Drivers/STM32G4xx_HAL_Driver/Src/stm32g4xx_hal_pcd_ex.c **** 
 182:Drivers/STM32G4xx_HAL_Driver/Src/stm32g4xx_hal_pcd_ex.c ****     /* If CDP ? */
 183:Drivers/STM32G4xx_HAL_Driver/Src/stm32g4xx_hal_pcd_ex.c ****     if ((USBx->BCDR & USB_BCDR_SDET) == USB_BCDR_SDET)
 184:Drivers/STM32G4xx_HAL_Driver/Src/stm32g4xx_hal_pcd_ex.c ****     {
 185:Drivers/STM32G4xx_HAL_Driver/Src/stm32g4xx_hal_pcd_ex.c ****       /* Dedicated Downstream Port DCP */
 186:Drivers/STM32G4xx_HAL_Driver/Src/stm32g4xx_hal_pcd_ex.c **** #if (USE_HAL_PCD_REGISTER_CALLBACKS == 1U)
 187:Drivers/STM32G4xx_HAL_Driver/Src/stm32g4xx_hal_pcd_ex.c ****       hpcd->BCDCallback(hpcd, PCD_BCD_DEDICATED_CHARGING_PORT);
 188:Drivers/STM32G4xx_HAL_Driver/Src/stm32g4xx_hal_pcd_ex.c **** #else
 189:Drivers/STM32G4xx_HAL_Driver/Src/stm32g4xx_hal_pcd_ex.c ****       HAL_PCDEx_BCD_Callback(hpcd, PCD_BCD_DEDICATED_CHARGING_PORT);
 190:Drivers/STM32G4xx_HAL_Driver/Src/stm32g4xx_hal_pcd_ex.c **** #endif /* USE_HAL_PCD_REGISTER_CALLBACKS */
 191:Drivers/STM32G4xx_HAL_Driver/Src/stm32g4xx_hal_pcd_ex.c ****     }
 192:Drivers/STM32G4xx_HAL_Driver/Src/stm32g4xx_hal_pcd_ex.c ****     else
 193:Drivers/STM32G4xx_HAL_Driver/Src/stm32g4xx_hal_pcd_ex.c ****     {
ARM GAS  /tmp/cctrukDS.s 			page 8


 194:Drivers/STM32G4xx_HAL_Driver/Src/stm32g4xx_hal_pcd_ex.c ****       /* Charging Downstream Port CDP */
 195:Drivers/STM32G4xx_HAL_Driver/Src/stm32g4xx_hal_pcd_ex.c **** #if (USE_HAL_PCD_REGISTER_CALLBACKS == 1U)
 196:Drivers/STM32G4xx_HAL_Driver/Src/stm32g4xx_hal_pcd_ex.c ****       hpcd->BCDCallback(hpcd, PCD_BCD_CHARGING_DOWNSTREAM_PORT);
 197:Drivers/STM32G4xx_HAL_Driver/Src/stm32g4xx_hal_pcd_ex.c **** #else
 198:Drivers/STM32G4xx_HAL_Driver/Src/stm32g4xx_hal_pcd_ex.c ****       HAL_PCDEx_BCD_Callback(hpcd, PCD_BCD_CHARGING_DOWNSTREAM_PORT);
 199:Drivers/STM32G4xx_HAL_Driver/Src/stm32g4xx_hal_pcd_ex.c **** #endif /* USE_HAL_PCD_REGISTER_CALLBACKS */
 200:Drivers/STM32G4xx_HAL_Driver/Src/stm32g4xx_hal_pcd_ex.c ****     }
 201:Drivers/STM32G4xx_HAL_Driver/Src/stm32g4xx_hal_pcd_ex.c ****   }
 202:Drivers/STM32G4xx_HAL_Driver/Src/stm32g4xx_hal_pcd_ex.c ****   else /* NO */
 203:Drivers/STM32G4xx_HAL_Driver/Src/stm32g4xx_hal_pcd_ex.c ****   {
 204:Drivers/STM32G4xx_HAL_Driver/Src/stm32g4xx_hal_pcd_ex.c ****     /* Standard Downstream Port */
 205:Drivers/STM32G4xx_HAL_Driver/Src/stm32g4xx_hal_pcd_ex.c **** #if (USE_HAL_PCD_REGISTER_CALLBACKS == 1U)
 206:Drivers/STM32G4xx_HAL_Driver/Src/stm32g4xx_hal_pcd_ex.c ****     hpcd->BCDCallback(hpcd, PCD_BCD_STD_DOWNSTREAM_PORT);
 207:Drivers/STM32G4xx_HAL_Driver/Src/stm32g4xx_hal_pcd_ex.c **** #else
 208:Drivers/STM32G4xx_HAL_Driver/Src/stm32g4xx_hal_pcd_ex.c ****     HAL_PCDEx_BCD_Callback(hpcd, PCD_BCD_STD_DOWNSTREAM_PORT);
 209:Drivers/STM32G4xx_HAL_Driver/Src/stm32g4xx_hal_pcd_ex.c **** #endif /* USE_HAL_PCD_REGISTER_CALLBACKS */
 210:Drivers/STM32G4xx_HAL_Driver/Src/stm32g4xx_hal_pcd_ex.c ****   }
 211:Drivers/STM32G4xx_HAL_Driver/Src/stm32g4xx_hal_pcd_ex.c **** 
 212:Drivers/STM32G4xx_HAL_Driver/Src/stm32g4xx_hal_pcd_ex.c ****   /* Battery Charging capability discovery finished Start Enumeration */
 213:Drivers/STM32G4xx_HAL_Driver/Src/stm32g4xx_hal_pcd_ex.c ****   (void)HAL_PCDEx_DeActivateBCD(hpcd);
 214:Drivers/STM32G4xx_HAL_Driver/Src/stm32g4xx_hal_pcd_ex.c **** 
 215:Drivers/STM32G4xx_HAL_Driver/Src/stm32g4xx_hal_pcd_ex.c ****   /* Check for the Timeout, else start USB Device */
 216:Drivers/STM32G4xx_HAL_Driver/Src/stm32g4xx_hal_pcd_ex.c ****   if ((HAL_GetTick() - tickstart) > 1000U)
 217:Drivers/STM32G4xx_HAL_Driver/Src/stm32g4xx_hal_pcd_ex.c ****   {
 218:Drivers/STM32G4xx_HAL_Driver/Src/stm32g4xx_hal_pcd_ex.c **** #if (USE_HAL_PCD_REGISTER_CALLBACKS == 1U)
 219:Drivers/STM32G4xx_HAL_Driver/Src/stm32g4xx_hal_pcd_ex.c ****     hpcd->BCDCallback(hpcd, PCD_BCD_ERROR);
 220:Drivers/STM32G4xx_HAL_Driver/Src/stm32g4xx_hal_pcd_ex.c **** #else
 221:Drivers/STM32G4xx_HAL_Driver/Src/stm32g4xx_hal_pcd_ex.c ****     HAL_PCDEx_BCD_Callback(hpcd, PCD_BCD_ERROR);
 222:Drivers/STM32G4xx_HAL_Driver/Src/stm32g4xx_hal_pcd_ex.c **** #endif /* USE_HAL_PCD_REGISTER_CALLBACKS */
 223:Drivers/STM32G4xx_HAL_Driver/Src/stm32g4xx_hal_pcd_ex.c ****   }
 224:Drivers/STM32G4xx_HAL_Driver/Src/stm32g4xx_hal_pcd_ex.c ****   else
 225:Drivers/STM32G4xx_HAL_Driver/Src/stm32g4xx_hal_pcd_ex.c ****   {
 226:Drivers/STM32G4xx_HAL_Driver/Src/stm32g4xx_hal_pcd_ex.c **** #if (USE_HAL_PCD_REGISTER_CALLBACKS == 1U)
 227:Drivers/STM32G4xx_HAL_Driver/Src/stm32g4xx_hal_pcd_ex.c ****     hpcd->BCDCallback(hpcd, PCD_BCD_DISCOVERY_COMPLETED);
 228:Drivers/STM32G4xx_HAL_Driver/Src/stm32g4xx_hal_pcd_ex.c **** #else
 229:Drivers/STM32G4xx_HAL_Driver/Src/stm32g4xx_hal_pcd_ex.c ****     HAL_PCDEx_BCD_Callback(hpcd, PCD_BCD_DISCOVERY_COMPLETED);
 230:Drivers/STM32G4xx_HAL_Driver/Src/stm32g4xx_hal_pcd_ex.c **** #endif /* USE_HAL_PCD_REGISTER_CALLBACKS */
 231:Drivers/STM32G4xx_HAL_Driver/Src/stm32g4xx_hal_pcd_ex.c ****   }
 232:Drivers/STM32G4xx_HAL_Driver/Src/stm32g4xx_hal_pcd_ex.c **** }
 233:Drivers/STM32G4xx_HAL_Driver/Src/stm32g4xx_hal_pcd_ex.c **** 
 234:Drivers/STM32G4xx_HAL_Driver/Src/stm32g4xx_hal_pcd_ex.c **** /**
 235:Drivers/STM32G4xx_HAL_Driver/Src/stm32g4xx_hal_pcd_ex.c ****   * @brief  Activate LPM feature.
 236:Drivers/STM32G4xx_HAL_Driver/Src/stm32g4xx_hal_pcd_ex.c ****   * @param  hpcd PCD handle
 237:Drivers/STM32G4xx_HAL_Driver/Src/stm32g4xx_hal_pcd_ex.c ****   * @retval HAL status
 238:Drivers/STM32G4xx_HAL_Driver/Src/stm32g4xx_hal_pcd_ex.c ****   */
 239:Drivers/STM32G4xx_HAL_Driver/Src/stm32g4xx_hal_pcd_ex.c **** HAL_StatusTypeDef HAL_PCDEx_ActivateLPM(PCD_HandleTypeDef *hpcd)
 240:Drivers/STM32G4xx_HAL_Driver/Src/stm32g4xx_hal_pcd_ex.c **** {
 202              		.loc 1 240 1 is_stmt 1 view -0
 203              		.cfi_startproc
 204              		@ args = 0, pretend = 0, frame = 0
 205              		@ frame_needed = 0, uses_anonymous_args = 0
 206              		@ link register save eliminated.
 207              		.loc 1 240 1 is_stmt 0 view .LVU58
 208 0000 0346     		mov	r3, r0
 241:Drivers/STM32G4xx_HAL_Driver/Src/stm32g4xx_hal_pcd_ex.c **** 
 242:Drivers/STM32G4xx_HAL_Driver/Src/stm32g4xx_hal_pcd_ex.c ****   USB_TypeDef *USBx = hpcd->Instance;
 209              		.loc 1 242 3 is_stmt 1 view .LVU59
ARM GAS  /tmp/cctrukDS.s 			page 9


 210              		.loc 1 242 16 is_stmt 0 view .LVU60
 211 0002 0268     		ldr	r2, [r0]
 212              	.LVL19:
 243:Drivers/STM32G4xx_HAL_Driver/Src/stm32g4xx_hal_pcd_ex.c ****   hpcd->lpm_active = 1U;
 213              		.loc 1 243 3 is_stmt 1 view .LVU61
 214              		.loc 1 243 20 is_stmt 0 view .LVU62
 215 0004 0121     		movs	r1, #1
 216 0006 C0F8D012 		str	r1, [r0, #720]
 244:Drivers/STM32G4xx_HAL_Driver/Src/stm32g4xx_hal_pcd_ex.c ****   hpcd->LPM_State = LPM_L0;
 217              		.loc 1 244 3 is_stmt 1 view .LVU63
 218              		.loc 1 244 19 is_stmt 0 view .LVU64
 219 000a 0020     		movs	r0, #0
 220              	.LVL20:
 221              		.loc 1 244 19 view .LVU65
 222 000c 83F8C802 		strb	r0, [r3, #712]
 245:Drivers/STM32G4xx_HAL_Driver/Src/stm32g4xx_hal_pcd_ex.c **** 
 246:Drivers/STM32G4xx_HAL_Driver/Src/stm32g4xx_hal_pcd_ex.c ****   USBx->LPMCSR |= USB_LPMCSR_LMPEN;
 223              		.loc 1 246 3 is_stmt 1 view .LVU66
 224              		.loc 1 246 7 is_stmt 0 view .LVU67
 225 0010 B2F85430 		ldrh	r3, [r2, #84]
 226              	.LVL21:
 227              		.loc 1 246 16 view .LVU68
 228 0014 0B43     		orrs	r3, r3, r1
 229 0016 A2F85430 		strh	r3, [r2, #84]	@ movhi
 247:Drivers/STM32G4xx_HAL_Driver/Src/stm32g4xx_hal_pcd_ex.c ****   USBx->LPMCSR |= USB_LPMCSR_LPMACK;
 230              		.loc 1 247 3 is_stmt 1 view .LVU69
 231              		.loc 1 247 7 is_stmt 0 view .LVU70
 232 001a B2F85430 		ldrh	r3, [r2, #84]
 233              		.loc 1 247 16 view .LVU71
 234 001e 43F00203 		orr	r3, r3, #2
 235 0022 A2F85430 		strh	r3, [r2, #84]	@ movhi
 248:Drivers/STM32G4xx_HAL_Driver/Src/stm32g4xx_hal_pcd_ex.c **** 
 249:Drivers/STM32G4xx_HAL_Driver/Src/stm32g4xx_hal_pcd_ex.c ****   return HAL_OK;
 236              		.loc 1 249 3 is_stmt 1 view .LVU72
 250:Drivers/STM32G4xx_HAL_Driver/Src/stm32g4xx_hal_pcd_ex.c **** }
 237              		.loc 1 250 1 is_stmt 0 view .LVU73
 238 0026 7047     		bx	lr
 239              		.cfi_endproc
 240              	.LFE333:
 242              		.section	.text.HAL_PCDEx_DeActivateLPM,"ax",%progbits
 243              		.align	1
 244              		.global	HAL_PCDEx_DeActivateLPM
 245              		.syntax unified
 246              		.thumb
 247              		.thumb_func
 249              	HAL_PCDEx_DeActivateLPM:
 250              	.LVL22:
 251              	.LFB334:
 251:Drivers/STM32G4xx_HAL_Driver/Src/stm32g4xx_hal_pcd_ex.c **** 
 252:Drivers/STM32G4xx_HAL_Driver/Src/stm32g4xx_hal_pcd_ex.c **** /**
 253:Drivers/STM32G4xx_HAL_Driver/Src/stm32g4xx_hal_pcd_ex.c ****   * @brief  Deactivate LPM feature.
 254:Drivers/STM32G4xx_HAL_Driver/Src/stm32g4xx_hal_pcd_ex.c ****   * @param  hpcd PCD handle
 255:Drivers/STM32G4xx_HAL_Driver/Src/stm32g4xx_hal_pcd_ex.c ****   * @retval HAL status
 256:Drivers/STM32G4xx_HAL_Driver/Src/stm32g4xx_hal_pcd_ex.c ****   */
 257:Drivers/STM32G4xx_HAL_Driver/Src/stm32g4xx_hal_pcd_ex.c **** HAL_StatusTypeDef HAL_PCDEx_DeActivateLPM(PCD_HandleTypeDef *hpcd)
 258:Drivers/STM32G4xx_HAL_Driver/Src/stm32g4xx_hal_pcd_ex.c **** {
 252              		.loc 1 258 1 is_stmt 1 view -0
ARM GAS  /tmp/cctrukDS.s 			page 10


 253              		.cfi_startproc
 254              		@ args = 0, pretend = 0, frame = 0
 255              		@ frame_needed = 0, uses_anonymous_args = 0
 256              		@ link register save eliminated.
 257              		.loc 1 258 1 is_stmt 0 view .LVU75
 258 0000 0246     		mov	r2, r0
 259:Drivers/STM32G4xx_HAL_Driver/Src/stm32g4xx_hal_pcd_ex.c ****   USB_TypeDef *USBx = hpcd->Instance;
 259              		.loc 1 259 3 is_stmt 1 view .LVU76
 260              		.loc 1 259 16 is_stmt 0 view .LVU77
 261 0002 0368     		ldr	r3, [r0]
 262              	.LVL23:
 260:Drivers/STM32G4xx_HAL_Driver/Src/stm32g4xx_hal_pcd_ex.c **** 
 261:Drivers/STM32G4xx_HAL_Driver/Src/stm32g4xx_hal_pcd_ex.c ****   hpcd->lpm_active = 0U;
 263              		.loc 1 261 3 is_stmt 1 view .LVU78
 264              		.loc 1 261 20 is_stmt 0 view .LVU79
 265 0004 0020     		movs	r0, #0
 266              	.LVL24:
 267              		.loc 1 261 20 view .LVU80
 268 0006 C2F8D002 		str	r0, [r2, #720]
 262:Drivers/STM32G4xx_HAL_Driver/Src/stm32g4xx_hal_pcd_ex.c **** 
 263:Drivers/STM32G4xx_HAL_Driver/Src/stm32g4xx_hal_pcd_ex.c ****   USBx->LPMCSR &= ~(USB_LPMCSR_LMPEN);
 269              		.loc 1 263 3 is_stmt 1 view .LVU81
 270              		.loc 1 263 7 is_stmt 0 view .LVU82
 271 000a B3F85420 		ldrh	r2, [r3, #84]
 272              	.LVL25:
 273              		.loc 1 263 16 view .LVU83
 274 000e 22F00102 		bic	r2, r2, #1
 275 0012 A3F85420 		strh	r2, [r3, #84]	@ movhi
 264:Drivers/STM32G4xx_HAL_Driver/Src/stm32g4xx_hal_pcd_ex.c ****   USBx->LPMCSR &= ~(USB_LPMCSR_LPMACK);
 276              		.loc 1 264 3 is_stmt 1 view .LVU84
 277              		.loc 1 264 7 is_stmt 0 view .LVU85
 278 0016 B3F85420 		ldrh	r2, [r3, #84]
 279              		.loc 1 264 16 view .LVU86
 280 001a 22F00202 		bic	r2, r2, #2
 281 001e A3F85420 		strh	r2, [r3, #84]	@ movhi
 265:Drivers/STM32G4xx_HAL_Driver/Src/stm32g4xx_hal_pcd_ex.c **** 
 266:Drivers/STM32G4xx_HAL_Driver/Src/stm32g4xx_hal_pcd_ex.c ****   return HAL_OK;
 282              		.loc 1 266 3 is_stmt 1 view .LVU87
 267:Drivers/STM32G4xx_HAL_Driver/Src/stm32g4xx_hal_pcd_ex.c **** }
 283              		.loc 1 267 1 is_stmt 0 view .LVU88
 284 0022 7047     		bx	lr
 285              		.cfi_endproc
 286              	.LFE334:
 288              		.section	.text.HAL_PCDEx_LPM_Callback,"ax",%progbits
 289              		.align	1
 290              		.weak	HAL_PCDEx_LPM_Callback
 291              		.syntax unified
 292              		.thumb
 293              		.thumb_func
 295              	HAL_PCDEx_LPM_Callback:
 296              	.LVL26:
 297              	.LFB335:
 268:Drivers/STM32G4xx_HAL_Driver/Src/stm32g4xx_hal_pcd_ex.c **** 
 269:Drivers/STM32G4xx_HAL_Driver/Src/stm32g4xx_hal_pcd_ex.c **** 
 270:Drivers/STM32G4xx_HAL_Driver/Src/stm32g4xx_hal_pcd_ex.c **** /**
 271:Drivers/STM32G4xx_HAL_Driver/Src/stm32g4xx_hal_pcd_ex.c ****   * @brief  Send LPM message to user layer callback.
 272:Drivers/STM32G4xx_HAL_Driver/Src/stm32g4xx_hal_pcd_ex.c ****   * @param  hpcd PCD handle
ARM GAS  /tmp/cctrukDS.s 			page 11


 273:Drivers/STM32G4xx_HAL_Driver/Src/stm32g4xx_hal_pcd_ex.c ****   * @param  msg LPM message
 274:Drivers/STM32G4xx_HAL_Driver/Src/stm32g4xx_hal_pcd_ex.c ****   * @retval HAL status
 275:Drivers/STM32G4xx_HAL_Driver/Src/stm32g4xx_hal_pcd_ex.c ****   */
 276:Drivers/STM32G4xx_HAL_Driver/Src/stm32g4xx_hal_pcd_ex.c **** __weak void HAL_PCDEx_LPM_Callback(PCD_HandleTypeDef *hpcd, PCD_LPM_MsgTypeDef msg)
 277:Drivers/STM32G4xx_HAL_Driver/Src/stm32g4xx_hal_pcd_ex.c **** {
 298              		.loc 1 277 1 is_stmt 1 view -0
 299              		.cfi_startproc
 300              		@ args = 0, pretend = 0, frame = 0
 301              		@ frame_needed = 0, uses_anonymous_args = 0
 302              		@ link register save eliminated.
 278:Drivers/STM32G4xx_HAL_Driver/Src/stm32g4xx_hal_pcd_ex.c ****   /* Prevent unused argument(s) compilation warning */
 279:Drivers/STM32G4xx_HAL_Driver/Src/stm32g4xx_hal_pcd_ex.c ****   UNUSED(hpcd);
 303              		.loc 1 279 3 view .LVU90
 280:Drivers/STM32G4xx_HAL_Driver/Src/stm32g4xx_hal_pcd_ex.c ****   UNUSED(msg);
 304              		.loc 1 280 3 view .LVU91
 281:Drivers/STM32G4xx_HAL_Driver/Src/stm32g4xx_hal_pcd_ex.c **** 
 282:Drivers/STM32G4xx_HAL_Driver/Src/stm32g4xx_hal_pcd_ex.c ****   /* NOTE : This function should not be modified, when the callback is needed,
 283:Drivers/STM32G4xx_HAL_Driver/Src/stm32g4xx_hal_pcd_ex.c ****             the HAL_PCDEx_LPM_Callback could be implemented in the user file
 284:Drivers/STM32G4xx_HAL_Driver/Src/stm32g4xx_hal_pcd_ex.c ****    */
 285:Drivers/STM32G4xx_HAL_Driver/Src/stm32g4xx_hal_pcd_ex.c **** }
 305              		.loc 1 285 1 is_stmt 0 view .LVU92
 306 0000 7047     		bx	lr
 307              		.cfi_endproc
 308              	.LFE335:
 310              		.section	.text.HAL_PCDEx_BCD_Callback,"ax",%progbits
 311              		.align	1
 312              		.weak	HAL_PCDEx_BCD_Callback
 313              		.syntax unified
 314              		.thumb
 315              		.thumb_func
 317              	HAL_PCDEx_BCD_Callback:
 318              	.LVL27:
 319              	.LFB336:
 286:Drivers/STM32G4xx_HAL_Driver/Src/stm32g4xx_hal_pcd_ex.c **** 
 287:Drivers/STM32G4xx_HAL_Driver/Src/stm32g4xx_hal_pcd_ex.c **** /**
 288:Drivers/STM32G4xx_HAL_Driver/Src/stm32g4xx_hal_pcd_ex.c ****   * @brief  Send BatteryCharging message to user layer callback.
 289:Drivers/STM32G4xx_HAL_Driver/Src/stm32g4xx_hal_pcd_ex.c ****   * @param  hpcd PCD handle
 290:Drivers/STM32G4xx_HAL_Driver/Src/stm32g4xx_hal_pcd_ex.c ****   * @param  msg LPM message
 291:Drivers/STM32G4xx_HAL_Driver/Src/stm32g4xx_hal_pcd_ex.c ****   * @retval HAL status
 292:Drivers/STM32G4xx_HAL_Driver/Src/stm32g4xx_hal_pcd_ex.c ****   */
 293:Drivers/STM32G4xx_HAL_Driver/Src/stm32g4xx_hal_pcd_ex.c **** __weak void HAL_PCDEx_BCD_Callback(PCD_HandleTypeDef *hpcd, PCD_BCD_MsgTypeDef msg)
 294:Drivers/STM32G4xx_HAL_Driver/Src/stm32g4xx_hal_pcd_ex.c **** {
 320              		.loc 1 294 1 is_stmt 1 view -0
 321              		.cfi_startproc
 322              		@ args = 0, pretend = 0, frame = 0
 323              		@ frame_needed = 0, uses_anonymous_args = 0
 324              		@ link register save eliminated.
 295:Drivers/STM32G4xx_HAL_Driver/Src/stm32g4xx_hal_pcd_ex.c ****   /* Prevent unused argument(s) compilation warning */
 296:Drivers/STM32G4xx_HAL_Driver/Src/stm32g4xx_hal_pcd_ex.c ****   UNUSED(hpcd);
 325              		.loc 1 296 3 view .LVU94
 297:Drivers/STM32G4xx_HAL_Driver/Src/stm32g4xx_hal_pcd_ex.c ****   UNUSED(msg);
 326              		.loc 1 297 3 view .LVU95
 298:Drivers/STM32G4xx_HAL_Driver/Src/stm32g4xx_hal_pcd_ex.c **** 
 299:Drivers/STM32G4xx_HAL_Driver/Src/stm32g4xx_hal_pcd_ex.c ****   /* NOTE : This function should not be modified, when the callback is needed,
 300:Drivers/STM32G4xx_HAL_Driver/Src/stm32g4xx_hal_pcd_ex.c ****             the HAL_PCDEx_BCD_Callback could be implemented in the user file
 301:Drivers/STM32G4xx_HAL_Driver/Src/stm32g4xx_hal_pcd_ex.c ****    */
 302:Drivers/STM32G4xx_HAL_Driver/Src/stm32g4xx_hal_pcd_ex.c **** }
ARM GAS  /tmp/cctrukDS.s 			page 12


 327              		.loc 1 302 1 is_stmt 0 view .LVU96
 328 0000 7047     		bx	lr
 329              		.cfi_endproc
 330              	.LFE336:
 332              		.section	.text.HAL_PCDEx_BCD_VBUSDetect,"ax",%progbits
 333              		.align	1
 334              		.global	HAL_PCDEx_BCD_VBUSDetect
 335              		.syntax unified
 336              		.thumb
 337              		.thumb_func
 339              	HAL_PCDEx_BCD_VBUSDetect:
 340              	.LVL28:
 341              	.LFB332:
 160:Drivers/STM32G4xx_HAL_Driver/Src/stm32g4xx_hal_pcd_ex.c ****   USB_TypeDef *USBx = hpcd->Instance;
 342              		.loc 1 160 1 is_stmt 1 view -0
 343              		.cfi_startproc
 344              		@ args = 0, pretend = 0, frame = 0
 345              		@ frame_needed = 0, uses_anonymous_args = 0
 160:Drivers/STM32G4xx_HAL_Driver/Src/stm32g4xx_hal_pcd_ex.c ****   USB_TypeDef *USBx = hpcd->Instance;
 346              		.loc 1 160 1 is_stmt 0 view .LVU98
 347 0000 70B5     		push	{r4, r5, r6, lr}
 348              	.LCFI0:
 349              		.cfi_def_cfa_offset 16
 350              		.cfi_offset 4, -16
 351              		.cfi_offset 5, -12
 352              		.cfi_offset 6, -8
 353              		.cfi_offset 14, -4
 354 0002 0446     		mov	r4, r0
 161:Drivers/STM32G4xx_HAL_Driver/Src/stm32g4xx_hal_pcd_ex.c ****   uint32_t tickstart = HAL_GetTick();
 355              		.loc 1 161 3 is_stmt 1 view .LVU99
 161:Drivers/STM32G4xx_HAL_Driver/Src/stm32g4xx_hal_pcd_ex.c ****   uint32_t tickstart = HAL_GetTick();
 356              		.loc 1 161 16 is_stmt 0 view .LVU100
 357 0004 0568     		ldr	r5, [r0]
 358              	.LVL29:
 162:Drivers/STM32G4xx_HAL_Driver/Src/stm32g4xx_hal_pcd_ex.c **** 
 359              		.loc 1 162 3 is_stmt 1 view .LVU101
 162:Drivers/STM32G4xx_HAL_Driver/Src/stm32g4xx_hal_pcd_ex.c **** 
 360              		.loc 1 162 24 is_stmt 0 view .LVU102
 361 0006 FFF7FEFF 		bl	HAL_GetTick
 362              	.LVL30:
 162:Drivers/STM32G4xx_HAL_Driver/Src/stm32g4xx_hal_pcd_ex.c **** 
 363              		.loc 1 162 24 view .LVU103
 364 000a 0646     		mov	r6, r0
 365              	.LVL31:
 165:Drivers/STM32G4xx_HAL_Driver/Src/stm32g4xx_hal_pcd_ex.c **** 
 366              		.loc 1 165 3 is_stmt 1 view .LVU104
 367 000c 4FF4AF70 		mov	r0, #350
 368              	.LVL32:
 165:Drivers/STM32G4xx_HAL_Driver/Src/stm32g4xx_hal_pcd_ex.c **** 
 369              		.loc 1 165 3 is_stmt 0 view .LVU105
 370 0010 FFF7FEFF 		bl	HAL_Delay
 371              	.LVL33:
 169:Drivers/STM32G4xx_HAL_Driver/Src/stm32g4xx_hal_pcd_ex.c ****   HAL_Delay(50U);
 372              		.loc 1 169 3 is_stmt 1 view .LVU106
 169:Drivers/STM32G4xx_HAL_Driver/Src/stm32g4xx_hal_pcd_ex.c ****   HAL_Delay(50U);
 373              		.loc 1 169 7 is_stmt 0 view .LVU107
 374 0014 B5F85830 		ldrh	r3, [r5, #88]
ARM GAS  /tmp/cctrukDS.s 			page 13


 169:Drivers/STM32G4xx_HAL_Driver/Src/stm32g4xx_hal_pcd_ex.c ****   HAL_Delay(50U);
 375              		.loc 1 169 14 view .LVU108
 376 0018 43F00403 		orr	r3, r3, #4
 377 001c A5F85830 		strh	r3, [r5, #88]	@ movhi
 170:Drivers/STM32G4xx_HAL_Driver/Src/stm32g4xx_hal_pcd_ex.c **** 
 378              		.loc 1 170 3 is_stmt 1 view .LVU109
 379 0020 3220     		movs	r0, #50
 380 0022 FFF7FEFF 		bl	HAL_Delay
 381              	.LVL34:
 173:Drivers/STM32G4xx_HAL_Driver/Src/stm32g4xx_hal_pcd_ex.c ****   {
 382              		.loc 1 173 3 view .LVU110
 173:Drivers/STM32G4xx_HAL_Driver/Src/stm32g4xx_hal_pcd_ex.c ****   {
 383              		.loc 1 173 12 is_stmt 0 view .LVU111
 384 0026 B5F85830 		ldrh	r3, [r5, #88]
 173:Drivers/STM32G4xx_HAL_Driver/Src/stm32g4xx_hal_pcd_ex.c ****   {
 385              		.loc 1 173 6 view .LVU112
 386 002a 13F0200F 		tst	r3, #32
 387 002e 20D0     		beq	.L13
 177:Drivers/STM32G4xx_HAL_Driver/Src/stm32g4xx_hal_pcd_ex.c ****     HAL_Delay(50U);
 388              		.loc 1 177 5 is_stmt 1 view .LVU113
 177:Drivers/STM32G4xx_HAL_Driver/Src/stm32g4xx_hal_pcd_ex.c ****     HAL_Delay(50U);
 389              		.loc 1 177 9 is_stmt 0 view .LVU114
 390 0030 B5F85830 		ldrh	r3, [r5, #88]
 177:Drivers/STM32G4xx_HAL_Driver/Src/stm32g4xx_hal_pcd_ex.c ****     HAL_Delay(50U);
 391              		.loc 1 177 16 view .LVU115
 392 0034 23F00403 		bic	r3, r3, #4
 393 0038 A5F85830 		strh	r3, [r5, #88]	@ movhi
 178:Drivers/STM32G4xx_HAL_Driver/Src/stm32g4xx_hal_pcd_ex.c ****     USBx->BCDR |= (USB_BCDR_SDEN);
 394              		.loc 1 178 5 is_stmt 1 view .LVU116
 395 003c 3220     		movs	r0, #50
 396 003e FFF7FEFF 		bl	HAL_Delay
 397              	.LVL35:
 179:Drivers/STM32G4xx_HAL_Driver/Src/stm32g4xx_hal_pcd_ex.c ****     HAL_Delay(50U);
 398              		.loc 1 179 5 view .LVU117
 179:Drivers/STM32G4xx_HAL_Driver/Src/stm32g4xx_hal_pcd_ex.c ****     HAL_Delay(50U);
 399              		.loc 1 179 9 is_stmt 0 view .LVU118
 400 0042 B5F85830 		ldrh	r3, [r5, #88]
 179:Drivers/STM32G4xx_HAL_Driver/Src/stm32g4xx_hal_pcd_ex.c ****     HAL_Delay(50U);
 401              		.loc 1 179 16 view .LVU119
 402 0046 43F00803 		orr	r3, r3, #8
 403 004a A5F85830 		strh	r3, [r5, #88]	@ movhi
 180:Drivers/STM32G4xx_HAL_Driver/Src/stm32g4xx_hal_pcd_ex.c **** 
 404              		.loc 1 180 5 is_stmt 1 view .LVU120
 405 004e 3220     		movs	r0, #50
 406 0050 FFF7FEFF 		bl	HAL_Delay
 407              	.LVL36:
 183:Drivers/STM32G4xx_HAL_Driver/Src/stm32g4xx_hal_pcd_ex.c ****     {
 408              		.loc 1 183 5 view .LVU121
 183:Drivers/STM32G4xx_HAL_Driver/Src/stm32g4xx_hal_pcd_ex.c ****     {
 409              		.loc 1 183 14 is_stmt 0 view .LVU122
 410 0054 B5F85830 		ldrh	r3, [r5, #88]
 183:Drivers/STM32G4xx_HAL_Driver/Src/stm32g4xx_hal_pcd_ex.c ****     {
 411              		.loc 1 183 8 view .LVU123
 412 0058 13F0400F 		tst	r3, #64
 413 005c 04D0     		beq	.L14
 189:Drivers/STM32G4xx_HAL_Driver/Src/stm32g4xx_hal_pcd_ex.c **** #endif /* USE_HAL_PCD_REGISTER_CALLBACKS */
 414              		.loc 1 189 7 is_stmt 1 view .LVU124
ARM GAS  /tmp/cctrukDS.s 			page 14


 415 005e FB21     		movs	r1, #251
 416 0060 2046     		mov	r0, r4
 417 0062 FFF7FEFF 		bl	HAL_PCDEx_BCD_Callback
 418              	.LVL37:
 419 0066 08E0     		b	.L15
 420              	.L14:
 198:Drivers/STM32G4xx_HAL_Driver/Src/stm32g4xx_hal_pcd_ex.c **** #endif /* USE_HAL_PCD_REGISTER_CALLBACKS */
 421              		.loc 1 198 7 view .LVU125
 422 0068 FC21     		movs	r1, #252
 423 006a 2046     		mov	r0, r4
 424 006c FFF7FEFF 		bl	HAL_PCDEx_BCD_Callback
 425              	.LVL38:
 426 0070 03E0     		b	.L15
 427              	.L13:
 208:Drivers/STM32G4xx_HAL_Driver/Src/stm32g4xx_hal_pcd_ex.c **** #endif /* USE_HAL_PCD_REGISTER_CALLBACKS */
 428              		.loc 1 208 5 view .LVU126
 429 0072 FD21     		movs	r1, #253
 430 0074 2046     		mov	r0, r4
 431 0076 FFF7FEFF 		bl	HAL_PCDEx_BCD_Callback
 432              	.LVL39:
 433              	.L15:
 213:Drivers/STM32G4xx_HAL_Driver/Src/stm32g4xx_hal_pcd_ex.c **** 
 434              		.loc 1 213 3 view .LVU127
 213:Drivers/STM32G4xx_HAL_Driver/Src/stm32g4xx_hal_pcd_ex.c **** 
 435              		.loc 1 213 9 is_stmt 0 view .LVU128
 436 007a 2046     		mov	r0, r4
 437 007c FFF7FEFF 		bl	HAL_PCDEx_DeActivateBCD
 438              	.LVL40:
 216:Drivers/STM32G4xx_HAL_Driver/Src/stm32g4xx_hal_pcd_ex.c ****   {
 439              		.loc 1 216 3 is_stmt 1 view .LVU129
 216:Drivers/STM32G4xx_HAL_Driver/Src/stm32g4xx_hal_pcd_ex.c ****   {
 440              		.loc 1 216 8 is_stmt 0 view .LVU130
 441 0080 FFF7FEFF 		bl	HAL_GetTick
 442              	.LVL41:
 216:Drivers/STM32G4xx_HAL_Driver/Src/stm32g4xx_hal_pcd_ex.c ****   {
 443              		.loc 1 216 22 discriminator 1 view .LVU131
 444 0084 801B     		subs	r0, r0, r6
 216:Drivers/STM32G4xx_HAL_Driver/Src/stm32g4xx_hal_pcd_ex.c ****   {
 445              		.loc 1 216 6 discriminator 1 view .LVU132
 446 0086 B0F57A7F 		cmp	r0, #1000
 447 008a 04D9     		bls	.L16
 221:Drivers/STM32G4xx_HAL_Driver/Src/stm32g4xx_hal_pcd_ex.c **** #endif /* USE_HAL_PCD_REGISTER_CALLBACKS */
 448              		.loc 1 221 5 is_stmt 1 view .LVU133
 449 008c FF21     		movs	r1, #255
 450 008e 2046     		mov	r0, r4
 451 0090 FFF7FEFF 		bl	HAL_PCDEx_BCD_Callback
 452              	.LVL42:
 453              	.L12:
 232:Drivers/STM32G4xx_HAL_Driver/Src/stm32g4xx_hal_pcd_ex.c **** 
 454              		.loc 1 232 1 is_stmt 0 view .LVU134
 455 0094 70BD     		pop	{r4, r5, r6, pc}
 456              	.LVL43:
 457              	.L16:
 229:Drivers/STM32G4xx_HAL_Driver/Src/stm32g4xx_hal_pcd_ex.c **** #endif /* USE_HAL_PCD_REGISTER_CALLBACKS */
 458              		.loc 1 229 5 is_stmt 1 view .LVU135
 459 0096 0021     		movs	r1, #0
 460 0098 2046     		mov	r0, r4
ARM GAS  /tmp/cctrukDS.s 			page 15


 461 009a FFF7FEFF 		bl	HAL_PCDEx_BCD_Callback
 462              	.LVL44:
 232:Drivers/STM32G4xx_HAL_Driver/Src/stm32g4xx_hal_pcd_ex.c **** 
 463              		.loc 1 232 1 is_stmt 0 view .LVU136
 464 009e F9E7     		b	.L12
 465              		.cfi_endproc
 466              	.LFE332:
 468              		.text
 469              	.Letext0:
 470              		.file 2 "/usr/arm-none-eabi/include/machine/_default_types.h"
 471              		.file 3 "/usr/arm-none-eabi/include/sys/_stdint.h"
 472              		.file 4 "Drivers/CMSIS/Device/ST/STM32G4xx/Include/stm32g431xx.h"
 473              		.file 5 "Drivers/STM32G4xx_HAL_Driver/Inc/stm32g4xx_hal_def.h"
 474              		.file 6 "Drivers/STM32G4xx_HAL_Driver/Inc/stm32g4xx_ll_usb.h"
 475              		.file 7 "Drivers/STM32G4xx_HAL_Driver/Inc/stm32g4xx_hal_pcd.h"
 476              		.file 8 "Drivers/STM32G4xx_HAL_Driver/Inc/stm32g4xx_hal.h"
ARM GAS  /tmp/cctrukDS.s 			page 16


DEFINED SYMBOLS
                            *ABS*:00000000 stm32g4xx_hal_pcd_ex.c
     /tmp/cctrukDS.s:21     .text.HAL_PCDEx_PMAConfig:00000000 $t
     /tmp/cctrukDS.s:27     .text.HAL_PCDEx_PMAConfig:00000000 HAL_PCDEx_PMAConfig
     /tmp/cctrukDS.s:103    .text.HAL_PCDEx_ActivateBCD:00000000 $t
     /tmp/cctrukDS.s:109    .text.HAL_PCDEx_ActivateBCD:00000000 HAL_PCDEx_ActivateBCD
     /tmp/cctrukDS.s:153    .text.HAL_PCDEx_DeActivateBCD:00000000 $t
     /tmp/cctrukDS.s:159    .text.HAL_PCDEx_DeActivateBCD:00000000 HAL_PCDEx_DeActivateBCD
     /tmp/cctrukDS.s:193    .text.HAL_PCDEx_ActivateLPM:00000000 $t
     /tmp/cctrukDS.s:199    .text.HAL_PCDEx_ActivateLPM:00000000 HAL_PCDEx_ActivateLPM
     /tmp/cctrukDS.s:243    .text.HAL_PCDEx_DeActivateLPM:00000000 $t
     /tmp/cctrukDS.s:249    .text.HAL_PCDEx_DeActivateLPM:00000000 HAL_PCDEx_DeActivateLPM
     /tmp/cctrukDS.s:289    .text.HAL_PCDEx_LPM_Callback:00000000 $t
     /tmp/cctrukDS.s:295    .text.HAL_PCDEx_LPM_Callback:00000000 HAL_PCDEx_LPM_Callback
     /tmp/cctrukDS.s:311    .text.HAL_PCDEx_BCD_Callback:00000000 $t
     /tmp/cctrukDS.s:317    .text.HAL_PCDEx_BCD_Callback:00000000 HAL_PCDEx_BCD_Callback
     /tmp/cctrukDS.s:333    .text.HAL_PCDEx_BCD_VBUSDetect:00000000 $t
     /tmp/cctrukDS.s:339    .text.HAL_PCDEx_BCD_VBUSDetect:00000000 HAL_PCDEx_BCD_VBUSDetect

UNDEFINED SYMBOLS
HAL_GetTick
HAL_Delay
